Polygonization
22 498
562 42
772 206
408 362
546 436
870 338
630 500
758 610
562 818
384 490
478 676
402 772
240 814
132 788
232 746
22 498<----562 42
562 42<----772 206
772 206<----408 362
408 362<----546 436
546 436<----870 338
870 338<----630 500
630 500<----758 610
758 610<----562 818
562 818<----384 490
384 490<----478 676
478 676<----402 772
402 772<----240 814
240 814<----132 788
132 788<----232 746
232 746<----22 498
Algorithm: convex_hull edge selection 1
Calculated area: 306078
ratio: 1.35431
construction time: 0 ms 
